// Vitest Snapshot v1, https://vitest.dev/guide/snapshot.html

exports[`appRouter > should be configured as expected 1`] = `
[
  {
    "children": [
      {
        "element": <default />,
        "hasErrorBoundary": false,
        "id": "0-0",
        "index": true,
      },
      {
        "children": undefined,
        "element": <UNDEFINED />,
        "hasErrorBoundary": false,
        "id": "0-1",
        "path": "hero/:slugId",
      },
      {
        "children": undefined,
        "element": <UNDEFINED />,
        "hasErrorBoundary": false,
        "id": "0-2",
        "path": "search",
      },
      {
        "children": undefined,
        "element": <Navigate
          to="/"
        />,
        "hasErrorBoundary": false,
        "id": "0-3",
        "path": "*",
      },
    ],
    "element": <HeroesLayout />,
    "hasErrorBoundary": false,
    "id": "0",
    "path": "/",
  },
  {
    "children": [
      {
        "element": <AdminPage />,
        "hasErrorBoundary": false,
        "id": "1-0",
        "index": true,
      },
    ],
    "element": <AdminLayout />,
    "hasErrorBoundary": false,
    "id": "1",
    "path": "admin",
  },
]
`;
